---
source: tui/src/chatwidget/test_harness.rs
expression: snapshot_output
---
 ┌────────────────────────────────────────────────────────────────────────────┐ 
 │    Code  •  Model: GPT-5-Codex  •  Reasoning: medium  •  Directory: /tmp   │ 
 └────────────────────────────────────────────────────────────────────────────┘ 
                                                                                
                                                                                
                                                                                
                                                                                
                                                                                
                                                                                
                                                                                
                                                                                
                                                                                
                                                                                
                                                                                
                                                                                
                                                                                
                                                                                
                                                                                
                                                                                
 ┌────────────────────────────────────────────────────────────────────────────┐ 
 │ What can I code for you today?                                             │ 
 └────────────────────────────────────────────────────────────────────────────┘ 
                                                                   Ctrl+H help
